[2m2026-09-11T19:06:05.353365Z[0m [32m INFO[0m [2mcognigraph_server[0m[2m:[0m Opening native backend with persistent storage [3mpath[0m[2m=[0m"/var/folders/v2/x4zbz9nd10lf_kqzhpm4r84w0000gn/T/cognigraph-ui-enterprise-ntrkpnht/store.redb" [3mvector_mode[0m[2m=[0mEmbedded [3mstorage_mode[0m[2m=[0mResident
[2m2026-09-11T19:06:05.405141Z[0m [32m INFO[0m [2mcognigraph_server[0m[2m:[0m Verified artifact consumption disabled
[2m2026-09-11T19:06:05.405226Z[0m [32m INFO[0m [2mcognigraph_server[0m[2m:[0m No embedding provider configured (semantic search disabled)
[2m2026-09-11T19:06:05.676575Z[0m [32m INFO[0m [2mcognigraph_auth[0m[2m:[0m bootstrap: created admin user
[2m2026-09-11T19:06:05.905383Z[0m [32m INFO[0m [2mcognigraph_auth[0m[2m:[0m bootstrap: created host-admin user
[2m2026-09-11T19:06:05.905430Z[0m [32m INFO[0m [2mcognigraph_server[0m[2m:[0m Auth enabled (bearer tokens + RBAC)
[2m2026-09-11T19:06:05.905440Z[0m [32m INFO[0m [2mcognigraph_server[0m[2m:[0m JWT sessions enabled [3mttl_secs[0m[2m=[0m3600
[2m2026-09-11T19:06:05.972465Z[0m [32m INFO[0m [2mcognigraph_server[0m[2m:[0m Console UI enabled (static files + SPA fallback) [3mdist[0m[2m=[0m/Users/skitsanos/FTP/Products/CogniGraph/code/ui/dist
[2m2026-09-11T19:06:05.974079Z[0m [32m INFO[0m [2mcognigraph_server[0m[2m:[0m CogniGraph server listening [3maddr[0m[2m=[0m127.0.0.1:64576 [3mbackend[0m[2m=[0mnative
[2m2026-09-11T19:06:07.574382Z[0m [32m INFO[0m [2mcognigraph_server::hardening[0m[2m:[0m request rejected [3mmethod[0m[2m=[0mGET [3mpath[0m[2m=[0m/api/auth/session [3mstatus[0m[2m=[0m401 [3mlatency_ms[0m[2m=[0m0 [3mtenant[0m[2m=[0mNone [3merror[0m[2m=[0mAuthentication error: missing bearer token
[2m2026-09-11T19:06:07.575431Z[0m [32m INFO[0m [2mcognigraph_server::hardening[0m[2m:[0m request rejected [3mmethod[0m[2m=[0mGET [3mpath[0m[2m=[0m/api/auth/session [3mstatus[0m[2m=[0m401 [3mlatency_ms[0m[2m=[0m0 [3mtenant[0m[2m=[0mNone [3merror[0m[2m=[0mAuthentication error: missing bearer token
[2m2026-09-11T19:06:09.051764Z[0m [32m INFO[0m [2mcognigraph_server::hardening[0m[2m:[0m request rejected [3mmethod[0m[2m=[0mPATCH [3mpath[0m[2m=[0m/api/documents/qa_e20ec13f8e32421cb5441e3a167cbcea/read-only [3mstatus[0m[2m=[0m403 [3mlatency_ms[0m[2m=[0m0 [3mtenant[0m[2m=[0mNone [3merror[0m[2m=[0mForbidden: role `Viewer` lacks the required scope
[2m2026-09-11T19:06:09.052358Z[0m [32m INFO[0m [2mcognigraph_server::hardening[0m[2m:[0m request rejected [3mmethod[0m[2m=[0mGET [3mpath[0m[2m=[0m/api/users [3mstatus[0m[2m=[0m403 [3mlatency_ms[0m[2m=[0m0 [3mtenant[0m[2m=[0mNone [3merror[0m[2m=[0mForbidden: role `Viewer` lacks the required scope
[2m2026-09-11T19:06:09.229723Z[0m [32m INFO[0m [2mcognigraph_server::hardening[0m[2m:[0m request rejected [3mmethod[0m[2m=[0mGET [3mpath[0m[2m=[0m/api/auth/session [3mstatus[0m[2m=[0m401 [3mlatency_ms[0m[2m=[0m0 [3mtenant[0m[2m=[0mNone [3merror[0m[2m=[0mAuthentication error: missing bearer token
[2m2026-09-11T19:06:09.318486Z[0m [32m INFO[0m [2mcognigraph_server::hardening[0m[2m:[0m request rejected [3mmethod[0m[2m=[0mGET [3mpath[0m[2m=[0m/api/auth/session [3mstatus[0m[2m=[0m401 [3mlatency_ms[0m[2m=[0m0 [3mtenant[0m[2m=[0mNone [3merror[0m[2m=[0mAuthentication error: missing bearer token
[2m2026-09-11T19:06:09.319707Z[0m [32m INFO[0m [2mcognigraph_server::hardening[0m[2m:[0m request rejected [3mmethod[0m[2m=[0mGET [3mpath[0m[2m=[0m/api/auth/session [3mstatus[0m[2m=[0m401 [3mlatency_ms[0m[2m=[0m0 [3mtenant[0m[2m=[0mNone [3merror[0m[2m=[0mAuthentication error: missing bearer token
[2m2026-09-11T19:06:09.620547Z[0m [32m INFO[0m [2mcognigraph_server::hardening[0m[2m:[0m request rejected [3mmethod[0m[2m=[0mGET [3mpath[0m[2m=[0m/api/auth/session [3mstatus[0m[2m=[0m401 [3mlatency_ms[0m[2m=[0m0 [3mtenant[0m[2m=[0mNone [3merror[0m[2m=[0mAuthentication error: missing bearer token
[2m2026-09-11T19:06:09.620712Z[0m [32m INFO[0m [2mcognigraph_server::hardening[0m[2m:[0m request rejected [3mmethod[0m[2m=[0mGET [3mpath[0m[2m=[0m/api/auth/session [3mstatus[0m[2m=[0m401 [3mlatency_ms[0m[2m=[0m0 [3mtenant[0m[2m=[0mNone [3merror[0m[2m=[0mAuthentication error: missing bearer token
[2m2026-09-11T19:06:10.173494Z[0m [32m INFO[0m [2mcognigraph_server::hardening[0m[2m:[0m request rejected [3mmethod[0m[2m=[0mGET [3mpath[0m[2m=[0m/api/documents [3mstatus[0m[2m=[0m404 [3mlatency_ms[0m[2m=[0m0 [3mtenant[0m[2m=[0mSome("default") [3merror[0m[2m=[0mCollection not found: space_types
[2m2026-09-11T19:06:10.173801Z[0m [32m INFO[0m [2mcognigraph_server::hardening[0m[2m:[0m request rejected [3mmethod[0m[2m=[0mGET [3mpath[0m[2m=[0m/api/documents [3mstatus[0m[2m=[0m404 [3mlatency_ms[0m[2m=[0m0 [3mtenant[0m[2m=[0mSome("default") [3merror[0m[2m=[0mCollection not found: space_types
[2m2026-09-11T19:06:10.450339Z[0m [32m INFO[0m [2mcognigraph_server::hardening[0m[2m:[0m request rejected [3mmethod[0m[2m=[0mGET [3mpath[0m[2m=[0m/api/auth/session [3mstatus[0m[2m=[0m401 [3mlatency_ms[0m[2m=[0m0 [3mtenant[0m[2m=[0mNone [3merror[0m[2m=[0mAuthentication error: missing bearer token
[2m2026-09-11T19:06:10.451136Z[0m [32m INFO[0m [2mcognigraph_server::hardening[0m[2m:[0m request rejected [3mmethod[0m[2m=[0mGET [3mpath[0m[2m=[0m/api/auth/session [3mstatus[0m[2m=[0m401 [3mlatency_ms[0m[2m=[0m0 [3mtenant[0m[2m=[0mNone [3merror[0m[2m=[0mAuthentication error: missing bearer token
[2m2026-09-11T19:06:11.086919Z[0m [32m INFO[0m [2mcognigraph_server::hardening[0m[2m:[0m request rejected [3mmethod[0m[2m=[0mGET [3mpath[0m[2m=[0m/api/collections [3mstatus[0m[2m=[0m403 [3mlatency_ms[0m[2m=[0m0 [3mtenant[0m[2m=[0mNone [3merror[0m[2m=[0mForbidden: role `HostAdmin` lacks the required scope
[2m2026-09-11T19:06:12.202190Z[0m [32m INFO[0m [2mcognigraph_server::hardening[0m[2m:[0m request rejected [3mmethod[0m[2m=[0mGET [3mpath[0m[2m=[0m/api/auth/session [3mstatus[0m[2m=[0m401 [3mlatency_ms[0m[2m=[0m0 [3mtenant[0m[2m=[0mNone [3merror[0m[2m=[0mAuthentication error: missing bearer token
[2m2026-09-11T19:06:12.203019Z[0m [32m INFO[0m [2mcognigraph_server::hardening[0m[2m:[0m request rejected [3mmethod[0m[2m=[0mGET [3mpath[0m[2m=[0m/api/auth/session [3mstatus[0m[2m=[0m401 [3mlatency_ms[0m[2m=[0m0 [3mtenant[0m[2m=[0mNone [3merror[0m[2m=[0mAuthentication error: missing bearer token
[2m2026-09-11T19:06:12.571417Z[0m [32m INFO[0m [2mcognigraph_server::hardening[0m[2m:[0m request rejected [3mmethod[0m[2m=[0mPOST [3mpath[0m[2m=[0m/api/auth/login [3mstatus[0m[2m=[0m401 [3mlatency_ms[0m[2m=[0m225 [3mtenant[0m[2m=[0mNone [3merror[0m[2m=[0mAuthentication error: invalid credentials
[2m2026-09-11T19:06:15.000451Z[0m [32m INFO[0m [2mcognigraph_server::hardening[0m[2m:[0m request rejected [3mmethod[0m[2m=[0mGET [3mpath[0m[2m=[0m/api/auth/session [3mstatus[0m[2m=[0m401 [3mlatency_ms[0m[2m=[0m0 [3mtenant[0m[2m=[0mNone [3merror[0m[2m=[0mAuthentication error: missing bearer token
[2m2026-09-11T19:06:15.000705Z[0m [32m INFO[0m [2mcognigraph_server::hardening[0m[2m:[0m request rejected [3mmethod[0m[2m=[0mGET [3mpath[0m[2m=[0m/api/auth/session [3mstatus[0m[2m=[0m401 [3mlatency_ms[0m[2m=[0m0 [3mtenant[0m[2m=[0mNone [3merror[0m[2m=[0mAuthentication error: missing bearer token
[2m2026-09-11T19:06:16.207049Z[0m [32m INFO[0m [2mcognigraph_server::hardening[0m[2m:[0m request rejected [3mmethod[0m[2m=[0mGET [3mpath[0m[2m=[0m/api/documents/qa_15197e05be0a476a9bdb8cd170bc4d9f/21e196b5-bc55-40b6-afb0-2e96e94b65f8 [3mstatus[0m[2m=[0m404 [3mlatency_ms[0m[2m=[0m0 [3mtenant[0m[2m=[0mSome("default") [3merror[0m[2m=[0mDocument not found: qa_15197e05be0a476a9bdb8cd170bc4d9f/21e196b5-bc55-40b6-afb0-2e96e94b65f8
[2m2026-09-11T19:06:16.438398Z[0m [32m INFO[0m [2mcognigraph_server[0m[2m:[0m shutdown signal received, draining connections and checkpointing jobs
