[2m2026-09-11T19:03:18.629317Z[0m [32m INFO[0m [2mcognigraph_server[0m[2m:[0m Opening native backend with persistent storage [3mpath[0m[2m=[0m"/var/folders/v2/x4zbz9nd10lf_kqzhpm4r84w0000gn/T/cognigraph-ui-enterprise-80xbiot9/store.redb" [3mvector_mode[0m[2m=[0mEmbedded [3mstorage_mode[0m[2m=[0mResident
[2m2026-09-11T19:03:18.689777Z[0m [32m INFO[0m [2mcognigraph_server[0m[2m:[0m Verified artifact consumption disabled
[2m2026-09-11T19:03:18.689859Z[0m [32m INFO[0m [2mcognigraph_server[0m[2m:[0m No embedding provider configured (semantic search disabled)
[2m2026-09-11T19:03:18.967795Z[0m [32m INFO[0m [2mcognigraph_auth[0m[2m:[0m bootstrap: created admin user
[2m2026-09-11T19:03:19.202549Z[0m [32m INFO[0m [2mcognigraph_auth[0m[2m:[0m bootstrap: created host-admin user
[2m2026-09-11T19:03:19.202585Z[0m [32m INFO[0m [2mcognigraph_server[0m[2m:[0m Auth enabled (bearer tokens + RBAC)
[2m2026-09-11T19:03:19.202597Z[0m [32m INFO[0m [2mcognigraph_server[0m[2m:[0m JWT sessions enabled [3mttl_secs[0m[2m=[0m3600
[2m2026-09-11T19:03:19.269204Z[0m [32m INFO[0m [2mcognigraph_server[0m[2m:[0m Console UI enabled (static files + SPA fallback) [3mdist[0m[2m=[0m/Users/skitsanos/FTP/Products/CogniGraph/code/ui/dist
[2m2026-09-11T19:03:19.270876Z[0m [32m INFO[0m [2mcognigraph_server[0m[2m:[0m CogniGraph server listening [3maddr[0m[2m=[0m127.0.0.1:64454 [3mbackend[0m[2m=[0mnative
[2m2026-09-11T19:03:20.841405Z[0m [32m INFO[0m [2mcognigraph_server::hardening[0m[2m:[0m request rejected [3mmethod[0m[2m=[0mGET [3mpath[0m[2m=[0m/api/auth/session [3mstatus[0m[2m=[0m401 [3mlatency_ms[0m[2m=[0m0 [3mtenant[0m[2m=[0mNone [3merror[0m[2m=[0mAuthentication error: missing bearer token
[2m2026-09-11T19:03:20.842781Z[0m [32m INFO[0m [2mcognigraph_server::hardening[0m[2m:[0m request rejected [3mmethod[0m[2m=[0mGET [3mpath[0m[2m=[0m/api/auth/session [3mstatus[0m[2m=[0m401 [3mlatency_ms[0m[2m=[0m0 [3mtenant[0m[2m=[0mNone [3merror[0m[2m=[0mAuthentication error: missing bearer token
[2m2026-09-11T19:03:22.328593Z[0m [32m INFO[0m [2mcognigraph_server::hardening[0m[2m:[0m request rejected [3mmethod[0m[2m=[0mPATCH [3mpath[0m[2m=[0m/api/documents/qa_c437a829b5684ee5bdda7abeb1f4900d/read-only [3mstatus[0m[2m=[0m403 [3mlatency_ms[0m[2m=[0m0 [3mtenant[0m[2m=[0mNone [3merror[0m[2m=[0mForbidden: role `Viewer` lacks the required scope
[2m2026-09-11T19:03:22.329153Z[0m [32m INFO[0m [2mcognigraph_server::hardening[0m[2m:[0m request rejected [3mmethod[0m[2m=[0mGET [3mpath[0m[2m=[0m/api/users [3mstatus[0m[2m=[0m403 [3mlatency_ms[0m[2m=[0m0 [3mtenant[0m[2m=[0mNone [3merror[0m[2m=[0mForbidden: role `Viewer` lacks the required scope
[2m2026-09-11T19:03:22.506924Z[0m [32m INFO[0m [2mcognigraph_server::hardening[0m[2m:[0m request rejected [3mmethod[0m[2m=[0mGET [3mpath[0m[2m=[0m/api/auth/session [3mstatus[0m[2m=[0m401 [3mlatency_ms[0m[2m=[0m0 [3mtenant[0m[2m=[0mNone [3merror[0m[2m=[0mAuthentication error: missing bearer token
[2m2026-09-11T19:03:22.597569Z[0m [32m INFO[0m [2mcognigraph_server::hardening[0m[2m:[0m request rejected [3mmethod[0m[2m=[0mGET [3mpath[0m[2m=[0m/api/auth/session [3mstatus[0m[2m=[0m401 [3mlatency_ms[0m[2m=[0m0 [3mtenant[0m[2m=[0mNone [3merror[0m[2m=[0mAuthentication error: missing bearer token
[2m2026-09-11T19:03:22.598425Z[0m [32m INFO[0m [2mcognigraph_server::hardening[0m[2m:[0m request rejected [3mmethod[0m[2m=[0mGET [3mpath[0m[2m=[0m/api/auth/session [3mstatus[0m[2m=[0m401 [3mlatency_ms[0m[2m=[0m0 [3mtenant[0m[2m=[0mNone [3merror[0m[2m=[0mAuthentication error: missing bearer token
[2m2026-09-11T19:03:22.932979Z[0m [32m INFO[0m [2mcognigraph_server::hardening[0m[2m:[0m request rejected [3mmethod[0m[2m=[0mGET [3mpath[0m[2m=[0m/api/auth/session [3mstatus[0m[2m=[0m401 [3mlatency_ms[0m[2m=[0m0 [3mtenant[0m[2m=[0mNone [3merror[0m[2m=[0mAuthentication error: missing bearer token
[2m2026-09-11T19:03:22.934307Z[0m [32m INFO[0m [2mcognigraph_server::hardening[0m[2m:[0m request rejected [3mmethod[0m[2m=[0mGET [3mpath[0m[2m=[0m/api/auth/session [3mstatus[0m[2m=[0m401 [3mlatency_ms[0m[2m=[0m0 [3mtenant[0m[2m=[0mNone [3merror[0m[2m=[0mAuthentication error: missing bearer token
[2m2026-09-11T19:03:23.482063Z[0m [32m INFO[0m [2mcognigraph_server::hardening[0m[2m:[0m request rejected [3mmethod[0m[2m=[0mGET [3mpath[0m[2m=[0m/api/documents [3mstatus[0m[2m=[0m404 [3mlatency_ms[0m[2m=[0m0 [3mtenant[0m[2m=[0mSome("default") [3merror[0m[2m=[0mCollection not found: space_types
[2m2026-09-11T19:03:23.482367Z[0m [32m INFO[0m [2mcognigraph_server::hardening[0m[2m:[0m request rejected [3mmethod[0m[2m=[0mGET [3mpath[0m[2m=[0m/api/documents [3mstatus[0m[2m=[0m404 [3mlatency_ms[0m[2m=[0m0 [3mtenant[0m[2m=[0mSome("default") [3merror[0m[2m=[0mCollection not found: space_types
[2m2026-09-11T19:03:23.764552Z[0m [32m INFO[0m [2mcognigraph_server::hardening[0m[2m:[0m request rejected [3mmethod[0m[2m=[0mGET [3mpath[0m[2m=[0m/api/auth/session [3mstatus[0m[2m=[0m401 [3mlatency_ms[0m[2m=[0m0 [3mtenant[0m[2m=[0mNone [3merror[0m[2m=[0mAuthentication error: missing bearer token
[2m2026-09-11T19:03:23.765283Z[0m [32m INFO[0m [2mcognigraph_server::hardening[0m[2m:[0m request rejected [3mmethod[0m[2m=[0mGET [3mpath[0m[2m=[0m/api/auth/session [3mstatus[0m[2m=[0m401 [3mlatency_ms[0m[2m=[0m0 [3mtenant[0m[2m=[0mNone [3merror[0m[2m=[0mAuthentication error: missing bearer token
[2m2026-09-11T19:03:24.405620Z[0m [32m INFO[0m [2mcognigraph_server::hardening[0m[2m:[0m request rejected [3mmethod[0m[2m=[0mGET [3mpath[0m[2m=[0m/api/collections [3mstatus[0m[2m=[0m403 [3mlatency_ms[0m[2m=[0m0 [3mtenant[0m[2m=[0mNone [3merror[0m[2m=[0mForbidden: role `HostAdmin` lacks the required scope
[2m2026-09-11T19:03:25.562767Z[0m [32m INFO[0m [2mcognigraph_server::hardening[0m[2m:[0m request rejected [3mmethod[0m[2m=[0mGET [3mpath[0m[2m=[0m/api/auth/session [3mstatus[0m[2m=[0m401 [3mlatency_ms[0m[2m=[0m0 [3mtenant[0m[2m=[0mNone [3merror[0m[2m=[0mAuthentication error: missing bearer token
[2m2026-09-11T19:03:25.563424Z[0m [32m INFO[0m [2mcognigraph_server::hardening[0m[2m:[0m request rejected [3mmethod[0m[2m=[0mGET [3mpath[0m[2m=[0m/api/auth/session [3mstatus[0m[2m=[0m401 [3mlatency_ms[0m[2m=[0m0 [3mtenant[0m[2m=[0mNone [3merror[0m[2m=[0mAuthentication error: missing bearer token
[2m2026-09-11T19:03:25.939358Z[0m [32m INFO[0m [2mcognigraph_server::hardening[0m[2m:[0m request rejected [3mmethod[0m[2m=[0mPOST [3mpath[0m[2m=[0m/api/auth/login [3mstatus[0m[2m=[0m401 [3mlatency_ms[0m[2m=[0m233 [3mtenant[0m[2m=[0mNone [3merror[0m[2m=[0mAuthentication error: invalid credentials
[2m2026-09-11T19:03:28.412680Z[0m [32m INFO[0m [2mcognigraph_server::hardening[0m[2m:[0m request rejected [3mmethod[0m[2m=[0mGET [3mpath[0m[2m=[0m/api/auth/session [3mstatus[0m[2m=[0m401 [3mlatency_ms[0m[2m=[0m0 [3mtenant[0m[2m=[0mNone [3merror[0m[2m=[0mAuthentication error: missing bearer token
[2m2026-09-11T19:03:28.413682Z[0m [32m INFO[0m [2mcognigraph_server::hardening[0m[2m:[0m request rejected [3mmethod[0m[2m=[0mGET [3mpath[0m[2m=[0m/api/auth/session [3mstatus[0m[2m=[0m401 [3mlatency_ms[0m[2m=[0m0 [3mtenant[0m[2m=[0mNone [3merror[0m[2m=[0mAuthentication error: missing bearer token
[2m2026-09-11T19:03:29.617918Z[0m [32m INFO[0m [2mcognigraph_server::hardening[0m[2m:[0m request rejected [3mmethod[0m[2m=[0mGET [3mpath[0m[2m=[0m/api/documents/qa_0314307df600428a9ac35065bdff9597/8a4c55f6-1556-4d96-b21c-a24fc76ec317 [3mstatus[0m[2m=[0m404 [3mlatency_ms[0m[2m=[0m0 [3mtenant[0m[2m=[0mSome("default") [3merror[0m[2m=[0mDocument not found: qa_0314307df600428a9ac35065bdff9597/8a4c55f6-1556-4d96-b21c-a24fc76ec317
[2m2026-09-11T19:03:29.845071Z[0m [32m INFO[0m [2mcognigraph_server[0m[2m:[0m shutdown signal received, draining connections and checkpointing jobs
