[2m2026-09-11T19:03:07.160413Z[0m [32m INFO[0m [2mcognigraph_server[0m[2m:[0m Opening native backend with persistent storage [3mpath[0m[2m=[0m"/var/folders/v2/x4zbz9nd10lf_kqzhpm4r84w0000gn/T/cognigraph-ui-community-ieh031su/store.redb" [3mvector_mode[0m[2m=[0mEmbedded [3mstorage_mode[0m[2m=[0mResident
[2m2026-09-11T19:03:07.208407Z[0m [32m INFO[0m [2mcognigraph_server[0m[2m:[0m No embedding provider configured (semantic search disabled)
[2m2026-09-11T19:03:07.472493Z[0m [32m INFO[0m [2mcognigraph_auth[0m[2m:[0m bootstrap: created admin user
[2m2026-09-11T19:03:07.472534Z[0m [32m INFO[0m [2mcognigraph_server[0m[2m:[0m Auth enabled (bearer tokens + RBAC)
[2m2026-09-11T19:03:07.472543Z[0m [32m INFO[0m [2mcognigraph_server[0m[2m:[0m JWT sessions enabled [3mttl_secs[0m[2m=[0m3600
[2m2026-09-11T19:03:07.474082Z[0m [32m INFO[0m [2mcognigraph_server[0m[2m:[0m Console UI enabled (static files + SPA fallback) [3mdist[0m[2m=[0m/Users/skitsanos/FTP/Products/CogniGraph/code/ui/dist
[2m2026-09-11T19:03:07.474710Z[0m [32m INFO[0m [2mcognigraph_server[0m[2m:[0m CogniGraph server listening [3maddr[0m[2m=[0m127.0.0.1:64415 [3mbackend[0m[2m=[0mnative
[2m2026-09-11T19:03:09.408057Z[0m [32m INFO[0m [2mcognigraph_server::hardening[0m[2m:[0m request rejected [3mmethod[0m[2m=[0mGET [3mpath[0m[2m=[0m/api/auth/session [3mstatus[0m[2m=[0m401 [3mlatency_ms[0m[2m=[0m0 [3mtenant[0m[2m=[0mNone [3merror[0m[2m=[0mAuthentication error: missing bearer token
[2m2026-09-11T19:03:09.408840Z[0m [32m INFO[0m [2mcognigraph_server::hardening[0m[2m:[0m request rejected [3mmethod[0m[2m=[0mGET [3mpath[0m[2m=[0m/api/auth/session [3mstatus[0m[2m=[0m401 [3mlatency_ms[0m[2m=[0m0 [3mtenant[0m[2m=[0mNone [3merror[0m[2m=[0mAuthentication error: missing bearer token
[2m2026-09-11T19:03:10.943896Z[0m [32m INFO[0m [2mcognigraph_server::hardening[0m[2m:[0m request rejected [3mmethod[0m[2m=[0mPATCH [3mpath[0m[2m=[0m/api/documents/qa_8ce21849d01443f7abb7ec70c57251f6/read-only [3mstatus[0m[2m=[0m403 [3mlatency_ms[0m[2m=[0m0 [3mtenant[0m[2m=[0mNone [3merror[0m[2m=[0mForbidden: role `Viewer` lacks the required scope
[2m2026-09-11T19:03:10.944477Z[0m [32m INFO[0m [2mcognigraph_server::hardening[0m[2m:[0m request rejected [3mmethod[0m[2m=[0mGET [3mpath[0m[2m=[0m/api/users [3mstatus[0m[2m=[0m403 [3mlatency_ms[0m[2m=[0m0 [3mtenant[0m[2m=[0mNone [3merror[0m[2m=[0mForbidden: role `Viewer` lacks the required scope
[2m2026-09-11T19:03:11.125756Z[0m [32m INFO[0m [2mcognigraph_server::hardening[0m[2m:[0m request rejected [3mmethod[0m[2m=[0mGET [3mpath[0m[2m=[0m/api/auth/session [3mstatus[0m[2m=[0m401 [3mlatency_ms[0m[2m=[0m0 [3mtenant[0m[2m=[0mNone [3merror[0m[2m=[0mAuthentication error: missing bearer token
[2m2026-09-11T19:03:11.214637Z[0m [32m INFO[0m [2mcognigraph_server::hardening[0m[2m:[0m request rejected [3mmethod[0m[2m=[0mGET [3mpath[0m[2m=[0m/api/auth/session [3mstatus[0m[2m=[0m401 [3mlatency_ms[0m[2m=[0m0 [3mtenant[0m[2m=[0mNone [3merror[0m[2m=[0mAuthentication error: missing bearer token
[2m2026-09-11T19:03:11.215226Z[0m [32m INFO[0m [2mcognigraph_server::hardening[0m[2m:[0m request rejected [3mmethod[0m[2m=[0mGET [3mpath[0m[2m=[0m/api/auth/session [3mstatus[0m[2m=[0m401 [3mlatency_ms[0m[2m=[0m0 [3mtenant[0m[2m=[0mNone [3merror[0m[2m=[0mAuthentication error: missing bearer token
[2m2026-09-11T19:03:11.536471Z[0m [32m INFO[0m [2mcognigraph_server::hardening[0m[2m:[0m request rejected [3mmethod[0m[2m=[0mGET [3mpath[0m[2m=[0m/api/auth/session [3mstatus[0m[2m=[0m401 [3mlatency_ms[0m[2m=[0m0 [3mtenant[0m[2m=[0mNone [3merror[0m[2m=[0mAuthentication error: missing bearer token
[2m2026-09-11T19:03:11.538074Z[0m [32m INFO[0m [2mcognigraph_server::hardening[0m[2m:[0m request rejected [3mmethod[0m[2m=[0mGET [3mpath[0m[2m=[0m/api/auth/session [3mstatus[0m[2m=[0m401 [3mlatency_ms[0m[2m=[0m0 [3mtenant[0m[2m=[0mNone [3merror[0m[2m=[0mAuthentication error: missing bearer token
[2m2026-09-11T19:03:13.062245Z[0m [32m INFO[0m [2mcognigraph_server::hardening[0m[2m:[0m request rejected [3mmethod[0m[2m=[0mGET [3mpath[0m[2m=[0m/api/auth/session [3mstatus[0m[2m=[0m401 [3mlatency_ms[0m[2m=[0m0 [3mtenant[0m[2m=[0mNone [3merror[0m[2m=[0mAuthentication error: missing bearer token
[2m2026-09-11T19:03:13.062686Z[0m [32m INFO[0m [2mcognigraph_server::hardening[0m[2m:[0m request rejected [3mmethod[0m[2m=[0mGET [3mpath[0m[2m=[0m/api/auth/session [3mstatus[0m[2m=[0m401 [3mlatency_ms[0m[2m=[0m0 [3mtenant[0m[2m=[0mNone [3merror[0m[2m=[0mAuthentication error: missing bearer token
[2m2026-09-11T19:03:13.441674Z[0m [32m INFO[0m [2mcognigraph_server::hardening[0m[2m:[0m request rejected [3mmethod[0m[2m=[0mPOST [3mpath[0m[2m=[0m/api/auth/login [3mstatus[0m[2m=[0m401 [3mlatency_ms[0m[2m=[0m232 [3mtenant[0m[2m=[0mNone [3merror[0m[2m=[0mAuthentication error: invalid credentials
[2m2026-09-11T19:03:15.918283Z[0m [32m INFO[0m [2mcognigraph_server::hardening[0m[2m:[0m request rejected [3mmethod[0m[2m=[0mGET [3mpath[0m[2m=[0m/api/auth/session [3mstatus[0m[2m=[0m401 [3mlatency_ms[0m[2m=[0m0 [3mtenant[0m[2m=[0mNone [3merror[0m[2m=[0mAuthentication error: missing bearer token
[2m2026-09-11T19:03:15.918778Z[0m [32m INFO[0m [2mcognigraph_server::hardening[0m[2m:[0m request rejected [3mmethod[0m[2m=[0mGET [3mpath[0m[2m=[0m/api/auth/session [3mstatus[0m[2m=[0m401 [3mlatency_ms[0m[2m=[0m0 [3mtenant[0m[2m=[0mNone [3merror[0m[2m=[0mAuthentication error: missing bearer token
[2m2026-09-11T19:03:17.126132Z[0m [32m INFO[0m [2mcognigraph_server::hardening[0m[2m:[0m request rejected [3mmethod[0m[2m=[0mGET [3mpath[0m[2m=[0m/api/documents/qa_0dea8e7285ba41b4aad2f788617722e0/293bc319-2be0-4a4f-b62c-ec582cefcd33 [3mstatus[0m[2m=[0m404 [3mlatency_ms[0m[2m=[0m0 [3mtenant[0m[2m=[0mSome("default") [3merror[0m[2m=[0mDocument not found: qa_0dea8e7285ba41b4aad2f788617722e0/293bc319-2be0-4a4f-b62c-ec582cefcd33
[2m2026-09-11T19:03:17.371164Z[0m [32m INFO[0m [2mcognigraph_server[0m[2m:[0m shutdown signal received, draining connections and checkpointing jobs
