RUN [ui-browser] /opt/homebrew/opt/python@3.14/bin/python3.14 scripts/ui_browser.py
   Compiling cognigraph-lua v2.7.1 (/Users/skitsanos/FTP/Products/CogniGraph/code/crates/cognigraph-lua)
   Compiling cognigraph-embeddings v2.7.1 (/Users/skitsanos/FTP/Products/CogniGraph/code/crates/cognigraph-embeddings)
   Compiling cognigraph-server v2.7.1 (/Users/skitsanos/FTP/Products/CogniGraph/code/crates/cognigraph-server)
   Compiling cognigraph-auth v2.7.1 (/Users/skitsanos/FTP/Products/CogniGraph/code/crates/cognigraph-auth)
   Compiling cognigraph-native v2.7.1 (/Users/skitsanos/FTP/Products/CogniGraph/code/crates/cognigraph-native)
    Finished `dev` profile [unoptimized + debuginfo] target(s) in 8.82s
BROWSER [community] http://127.0.0.1:59569; disposable Native store; providers disabled
$ playwright test

Running 4 tests using 1 worker

  ✓  1 e2e/access.spec.ts:4:0 › Viewer has read access while UI and real API deny mutation and administration (3.1s)
  ✓  2 e2e/access.spec.ts:59:0 › edition-specific review availability and accessible collapsed navigation (840ms)
  ✓  3 e2e/documents.spec.ts:3:0 › fresh production origin preserves deep links, encoded keys and browser history (3.0s)
  ✓  4 e2e/documents.spec.ts:54:0 › document creation, raw JSON edit and confirmed deletion persist through reload (2.1s)

  4 passed (9.5s)
PASS browser [community]; server stopped and temporary store removed
   Compiling cognigraph-embeddings v2.7.1 (/Users/skitsanos/FTP/Products/CogniGraph/code/crates/cognigraph-embeddings)
   Compiling cognigraph-server v2.7.1 (/Users/skitsanos/FTP/Products/CogniGraph/code/crates/cognigraph-server)
   Compiling cognigraph-construct v2.7.1 (/Users/skitsanos/FTP/Products/CogniGraph/code/crates/cognigraph-construct)
    Finished `dev` profile [unoptimized + debuginfo] target(s) in 19.68s
BROWSER [enterprise] http://127.0.0.1:59849; disposable Native store; providers disabled
$ playwright test

Running 5 tests using 1 worker

  ✓  1 e2e/access.spec.ts:4:0 › Viewer has read access while UI and real API deny mutation and administration (2.9s)
  ✓  2 e2e/access.spec.ts:59:0 › edition-specific review availability and accessible collapsed navigation (827ms)
  ✓  3 e2e/access.spec.ts:96:2 › HostAdmin lands on Tenants and cannot access tenant documents (1.2s)
  ✓  4 e2e/documents.spec.ts:3:0 › fresh production origin preserves deep links, encoded keys and browser history (3.1s)
  ✓  5 e2e/documents.spec.ts:54:0 › document creation, raw JSON edit and confirmed deletion persist through reload (2.1s)

  5 passed (10.6s)
PASS browser [enterprise]; server stopped and temporary store removed
Not included: external providers, model benchmarks or research holdouts.
PASS [ui-browser]
