[2m2026-09-11T19:05:53.826143Z[0m [32m INFO[0m [2mcognigraph_server[0m[2m:[0m Opening native backend with persistent storage [3mpath[0m[2m=[0m"/var/folders/v2/x4zbz9nd10lf_kqzhpm4r84w0000gn/T/cognigraph-ui-community-ktafxkmu/store.redb" [3mvector_mode[0m[2m=[0mEmbedded [3mstorage_mode[0m[2m=[0mResident
[2m2026-09-11T19:05:53.879660Z[0m [32m INFO[0m [2mcognigraph_server[0m[2m:[0m No embedding provider configured (semantic search disabled)
[2m2026-09-11T19:05:54.148771Z[0m [32m INFO[0m [2mcognigraph_auth[0m[2m:[0m bootstrap: created admin user
[2m2026-09-11T19:05:54.148806Z[0m [32m INFO[0m [2mcognigraph_server[0m[2m:[0m Auth enabled (bearer tokens + RBAC)
[2m2026-09-11T19:05:54.148814Z[0m [32m INFO[0m [2mcognigraph_server[0m[2m:[0m JWT sessions enabled [3mttl_secs[0m[2m=[0m3600
[2m2026-09-11T19:05:54.150366Z[0m [32m INFO[0m [2mcognigraph_server[0m[2m:[0m Console UI enabled (static files + SPA fallback) [3mdist[0m[2m=[0m/Users/skitsanos/FTP/Products/CogniGraph/code/ui/dist
[2m2026-09-11T19:05:54.150999Z[0m [32m INFO[0m [2mcognigraph_server[0m[2m:[0m CogniGraph server listening [3maddr[0m[2m=[0m127.0.0.1:64541 [3mbackend[0m[2m=[0mnative
[2m2026-09-11T19:05:55.997980Z[0m [32m INFO[0m [2mcognigraph_server::hardening[0m[2m:[0m request rejected [3mmethod[0m[2m=[0mGET [3mpath[0m[2m=[0m/api/auth/session [3mstatus[0m[2m=[0m401 [3mlatency_ms[0m[2m=[0m0 [3mtenant[0m[2m=[0mNone [3merror[0m[2m=[0mAuthentication error: missing bearer token
[2m2026-09-11T19:05:55.998942Z[0m [32m INFO[0m [2mcognigraph_server::hardening[0m[2m:[0m request rejected [3mmethod[0m[2m=[0mGET [3mpath[0m[2m=[0m/api/auth/session [3mstatus[0m[2m=[0m401 [3mlatency_ms[0m[2m=[0m0 [3mtenant[0m[2m=[0mNone [3merror[0m[2m=[0mAuthentication error: missing bearer token
[2m2026-09-11T19:05:57.527963Z[0m [32m INFO[0m [2mcognigraph_server::hardening[0m[2m:[0m request rejected [3mmethod[0m[2m=[0mPATCH [3mpath[0m[2m=[0m/api/documents/qa_c89f6820d40a4f738d90333f178b03ee/read-only [3mstatus[0m[2m=[0m403 [3mlatency_ms[0m[2m=[0m0 [3mtenant[0m[2m=[0mNone [3merror[0m[2m=[0mForbidden: role `Viewer` lacks the required scope
[2m2026-09-11T19:05:57.528713Z[0m [32m INFO[0m [2mcognigraph_server::hardening[0m[2m:[0m request rejected [3mmethod[0m[2m=[0mGET [3mpath[0m[2m=[0m/api/users [3mstatus[0m[2m=[0m403 [3mlatency_ms[0m[2m=[0m0 [3mtenant[0m[2m=[0mNone [3merror[0m[2m=[0mForbidden: role `Viewer` lacks the required scope
[2m2026-09-11T19:05:57.742429Z[0m [32m INFO[0m [2mcognigraph_server::hardening[0m[2m:[0m request rejected [3mmethod[0m[2m=[0mGET [3mpath[0m[2m=[0m/api/auth/session [3mstatus[0m[2m=[0m401 [3mlatency_ms[0m[2m=[0m0 [3mtenant[0m[2m=[0mNone [3merror[0m[2m=[0mAuthentication error: missing bearer token
[2m2026-09-11T19:05:57.838201Z[0m [32m INFO[0m [2mcognigraph_server::hardening[0m[2m:[0m request rejected [3mmethod[0m[2m=[0mGET [3mpath[0m[2m=[0m/api/auth/session [3mstatus[0m[2m=[0m401 [3mlatency_ms[0m[2m=[0m0 [3mtenant[0m[2m=[0mNone [3merror[0m[2m=[0mAuthentication error: missing bearer token
[2m2026-09-11T19:05:57.839338Z[0m [32m INFO[0m [2mcognigraph_server::hardening[0m[2m:[0m request rejected [3mmethod[0m[2m=[0mGET [3mpath[0m[2m=[0m/api/auth/session [3mstatus[0m[2m=[0m401 [3mlatency_ms[0m[2m=[0m0 [3mtenant[0m[2m=[0mNone [3merror[0m[2m=[0mAuthentication error: missing bearer token
[2m2026-09-11T19:05:58.143895Z[0m [32m INFO[0m [2mcognigraph_server::hardening[0m[2m:[0m request rejected [3mmethod[0m[2m=[0mGET [3mpath[0m[2m=[0m/api/auth/session [3mstatus[0m[2m=[0m401 [3mlatency_ms[0m[2m=[0m0 [3mtenant[0m[2m=[0mNone [3merror[0m[2m=[0mAuthentication error: missing bearer token
[2m2026-09-11T19:05:58.144358Z[0m [32m INFO[0m [2mcognigraph_server::hardening[0m[2m:[0m request rejected [3mmethod[0m[2m=[0mGET [3mpath[0m[2m=[0m/api/auth/session [3mstatus[0m[2m=[0m401 [3mlatency_ms[0m[2m=[0m0 [3mtenant[0m[2m=[0mNone [3merror[0m[2m=[0mAuthentication error: missing bearer token
[2m2026-09-11T19:05:59.713803Z[0m [32m INFO[0m [2mcognigraph_server::hardening[0m[2m:[0m request rejected [3mmethod[0m[2m=[0mGET [3mpath[0m[2m=[0m/api/auth/session [3mstatus[0m[2m=[0m401 [3mlatency_ms[0m[2m=[0m0 [3mtenant[0m[2m=[0mNone [3merror[0m[2m=[0mAuthentication error: missing bearer token
[2m2026-09-11T19:05:59.714311Z[0m [32m INFO[0m [2mcognigraph_server::hardening[0m[2m:[0m request rejected [3mmethod[0m[2m=[0mGET [3mpath[0m[2m=[0m/api/auth/session [3mstatus[0m[2m=[0m401 [3mlatency_ms[0m[2m=[0m0 [3mtenant[0m[2m=[0mNone [3merror[0m[2m=[0mAuthentication error: missing bearer token
[2m2026-09-11T19:06:00.105672Z[0m [32m INFO[0m [2mcognigraph_server::hardening[0m[2m:[0m request rejected [3mmethod[0m[2m=[0mPOST [3mpath[0m[2m=[0m/api/auth/login [3mstatus[0m[2m=[0m401 [3mlatency_ms[0m[2m=[0m242 [3mtenant[0m[2m=[0mNone [3merror[0m[2m=[0mAuthentication error: invalid credentials
[2m2026-09-11T19:06:02.555010Z[0m [32m INFO[0m [2mcognigraph_server::hardening[0m[2m:[0m request rejected [3mmethod[0m[2m=[0mGET [3mpath[0m[2m=[0m/api/auth/session [3mstatus[0m[2m=[0m401 [3mlatency_ms[0m[2m=[0m0 [3mtenant[0m[2m=[0mNone [3merror[0m[2m=[0mAuthentication error: missing bearer token
[2m2026-09-11T19:06:02.555458Z[0m [32m INFO[0m [2mcognigraph_server::hardening[0m[2m:[0m request rejected [3mmethod[0m[2m=[0mGET [3mpath[0m[2m=[0m/api/auth/session [3mstatus[0m[2m=[0m401 [3mlatency_ms[0m[2m=[0m0 [3mtenant[0m[2m=[0mNone [3merror[0m[2m=[0mAuthentication error: missing bearer token
[2m2026-09-11T19:06:03.784256Z[0m [32m INFO[0m [2mcognigraph_server::hardening[0m[2m:[0m request rejected [3mmethod[0m[2m=[0mGET [3mpath[0m[2m=[0m/api/documents/qa_a50fa675691d4c1c886099f19beafdc5/3466e284-0a0e-418c-840e-e5dc8626b389 [3mstatus[0m[2m=[0m404 [3mlatency_ms[0m[2m=[0m0 [3mtenant[0m[2m=[0mSome("default") [3merror[0m[2m=[0mDocument not found: qa_a50fa675691d4c1c886099f19beafdc5/3466e284-0a0e-418c-840e-e5dc8626b389
[2m2026-09-11T19:06:04.014578Z[0m [32m INFO[0m [2mcognigraph_server[0m[2m:[0m shutdown signal received, draining connections and checkpointing jobs
